#-----------------------------------------------------------
# Vivado v2023.2 (64-bit)
# SW Build 4029153 on Fri Oct 13 20:14:34 MDT 2023
# IP Build 4028589 on Sat Oct 14 00:45:43 MDT 2023
# SharedData Build 4025554 on Tue Oct 10 17:18:54 MDT 2023
# Start of session at: Mon Oct  7 14:46:50 2024
# Process ID: 11292
# Current directory: C:/Users/jfaja/AppData/Roaming/Xilinx/Vivado
# Command line: vivado.exe -gui_launcher_event rodinguilauncherevent7396
# Log file: C:/Users/jfaja/AppData/Roaming/Xilinx/Vivado/vivado.log
# Journal file: C:/Users/jfaja/AppData/Roaming/Xilinx/Vivado\vivado.jou
# Running On: DESKTOP-1B65849, OS: Windows, CPU Frequency: 1498 MHz, CPU Physical cores: 4, Host memory: 16745 MB
#-----------------------------------------------------------
start_gui
open_project E:/Projects/miniproject/miniproject.xpr
update_compile_order -fileset sources_1
synth_design -rtl -rtl_skip_mlo -name rtl_1
close_design
launch_simulation
source CPU_tb.tcl
synth_design -rtl -rtl_skip_mlo -name rtl_1
close_design
close_sim
launch_simulation
source CPU_tb.tcl
close_sim
launch_simulation
source CPU_tb.tcl
close_sim
launch_simulation
source CPU_tb.tcl
close_sim
launch_simulation
launch_simulation
source CPU_tb.tcl
close_sim
launch_simulation
source CPU_tb.tcl
close_sim
launch_simulation
source CPU_tb.tcl
close_sim
launch_simulation
source CPU_tb.tcl
close_sim
launch_simulation
source CPU_tb.tcl
archive_project C:/Users/jfaja/Downloads/miniproject_10_7.xpr.zip -temp_dir C:/Users/jfaja/AppData/Roaming/Xilinx/Vivado/.Xil/Vivado-11292-DESKTOP-1B65849 -force -include_local_ip_cache
